online/website/ft-mobile/trunk/src/gwt/ft-ad-enablement/war/h5ads-tests/html5-ads-integration-conn-slow-test.html
online/website/ft-mobile/trunk/src/gwt/ft-ad-enablement/war/h5ads-tests/html5-ads-integration-docwrite-interception-ghostwriter-test.html
online/website/ft-mobile/trunk/src/gwt/ft-ad-enablement/war/h5ads-tests/html5-ads-unit-tests.html
online/website/ft-mobile/trunk/src/gwt/ft-ad-enablement/war/h5ads-tests/test-docwrite-chain.html
online/website/ft-mobile/trunk/src/gwt/ft-ad-enablement/war/h5ads-tests/html5-ads-integration-docwrite-interception-test.html
online/website/ft-mobile/trunk/src/gwt/ft-ad-enablement/war/h5ads-tests/html5-ads-integration-show-timings-test.html
online/website/ft-mobile/trunk/src/gwt/ft-ad-enablement/war/h5ads-tests/html5-ads-integration-celtra-test.html
online/website/ft-mobile/trunk/src/gwt/ft-ad-enablement/war/h5ads-tests/US14729-HTML5-Ad-Lib-Four-Device-Sizes/US14729-Scenario03-small-lib-two-banners.html
online/website/ft-mobile/trunk/src/gwt/ft-ad-enablement/war/h5ads-tests/US14729-HTML5-Ad-Lib-Four-Device-Sizes/US14729-Scenario26-ad-calls-ord-on-same-page.html
online/website/ft-mobile/trunk/src/gwt/ft-ad-enablement/war/h5ads-tests/US14729-HTML5-Ad-Lib-Four-Device-Sizes/US14729-Scenario17-large-lib-page-counters-in-call.html
online/website/ft-mobile/trunk/src/gwt/ft-ad-enablement/war/h5ads-tests/US14729-HTML5-Ad-Lib-Four-Device-Sizes/US14729-Scenario12-medium-lib-page-counters-wrap.html
online/website/ft-mobile/trunk/src/gwt/ft-ad-enablement/war/h5ads-tests/US14729-HTML5-Ad-Lib-Four-Device-Sizes/US14729-Scenario18-large-lib-page-counters-increment.html
online/website/ft-mobile/trunk/src/gwt/ft-ad-enablement/war/h5ads-tests/US14729-HTML5-Ad-Lib-Four-Device-Sizes/US14729-Scenario07-small-lib-page-counters-wrap.html
online/website/ft-mobile/trunk/src/gwt/ft-ad-enablement/war/h5ads-tests/US14729-HTML5-Ad-Lib-Four-Device-Sizes/US14729-Scenario22-medium-site-name-ok.html
online/website/ft-mobile/trunk/src/gwt/ft-ad-enablement/war/h5ads-tests/US14729-HTML5-Ad-Lib-Four-Device-Sizes/US14729-Scenario21-small-site-name-test-env-ok.html
online/website/ft-mobile/trunk/src/gwt/ft-ad-enablement/war/h5ads-tests/US14729-HTML5-Ad-Lib-Four-Device-Sizes/US14729-Scenario28-FTQA-cookie-override.html
online/website/ft-mobile/trunk/src/gwt/ft-ad-enablement/war/h5ads-tests/US14729-HTML5-Ad-Lib-Four-Device-Sizes/US14729-Scenario02-set-zone.html
online/website/ft-mobile/trunk/src/gwt/ft-ad-enablement/war/h5ads-tests/US14729-HTML5-Ad-Lib-Four-Device-Sizes/US14729-Scenario23-large-site-name-ok.html
online/website/ft-mobile/trunk/src/gwt/ft-ad-enablement/war/h5ads-tests/US14729-HTML5-Ad-Lib-Four-Device-Sizes/US14729-Scenario16.1-large-wide-lib-one-hlfmpu.html
online/website/ft-mobile/trunk/src/gwt/ft-ad-enablement/war/h5ads-tests/US14729-HTML5-Ad-Lib-Four-Device-Sizes/US14729-Scenario20-small-site-name-ok.html
online/website/ft-mobile/trunk/src/gwt/ft-ad-enablement/war/h5ads-tests/US14729-HTML5-Ad-Lib-Four-Device-Sizes/US14729-Scenario13.1-large-wide-lib-one-big-banner-only.html
online/website/ft-mobile/trunk/src/gwt/ft-ad-enablement/war/h5ads-tests/US14729-HTML5-Ad-Lib-Four-Device-Sizes/US14729-Scenario09-mediuml-lib-no-mpu.html
online/website/ft-mobile/trunk/src/gwt/ft-ad-enablement/war/h5ads-tests/US14729-HTML5-Ad-Lib-Four-Device-Sizes/US14729-Scenario05-small-lib-page-counters-in-call.html
online/website/ft-mobile/trunk/src/gwt/ft-ad-enablement/war/h5ads-tests/US14729-HTML5-Ad-Lib-Four-Device-Sizes/US14729-Scenario25-unknown-screen-goes-offline.html
online/website/ft-mobile/trunk/src/gwt/ft-ad-enablement/war/h5ads-tests/US14729-HTML5-Ad-Lib-Four-Device-Sizes/US14729-Scenario27-ad-calls-ord-on-different-page.html
online/website/ft-mobile/trunk/src/gwt/ft-ad-enablement/war/h5ads-tests/US14729-HTML5-Ad-Lib-Four-Device-Sizes/US14729-Scenario08-medium-lib-two-bigger-banners.html
online/website/ft-mobile/trunk/src/gwt/ft-ad-enablement/war/h5ads-tests/US14729-HTML5-Ad-Lib-Four-Device-Sizes/US14729-Scenario01-offline.html
online/website/ft-mobile/trunk/src/gwt/ft-ad-enablement/war/h5ads-tests/US14729-HTML5-Ad-Lib-Four-Device-Sizes/US14729-Scenario19-large-lib-page-counters-wrap.html
online/website/ft-mobile/trunk/src/gwt/ft-ad-enablement/war/h5ads-tests/US14729-HTML5-Ad-Lib-Four-Device-Sizes/US14729-Scenario13-large-lib-one-big-banner-only.html
online/website/ft-mobile/trunk/src/gwt/ft-ad-enablement/war/h5ads-tests/US14729-HTML5-Ad-Lib-Four-Device-Sizes/US14729-Scenario14-large-lib-no-banlb2.html
online/website/ft-mobile/trunk/src/gwt/ft-ad-enablement/war/h5ads-tests/US14729-HTML5-Ad-Lib-Four-Device-Sizes/US14729-Scenario10-medium-lib-page-counters-in-call.html
online/website/ft-mobile/trunk/src/gwt/ft-ad-enablement/war/h5ads-tests/US14729-HTML5-Ad-Lib-Four-Device-Sizes/US14729-Scenario16-large-lib-one-hlfmpu.html
online/website/ft-mobile/trunk/src/gwt/ft-ad-enablement/war/h5ads-tests/US14729-HTML5-Ad-Lib-Four-Device-Sizes/US14729-Scenario04-small-lib-no-mpu.html
online/website/ft-mobile/trunk/src/gwt/ft-ad-enablement/war/h5ads-tests/US14729-HTML5-Ad-Lib-Four-Device-Sizes/US14729-Scenario24-large-wide-site-name-ok.html
online/website/ft-mobile/trunk/src/gwt/ft-ad-enablement/war/h5ads-tests/US14729-HTML5-Ad-Lib-Four-Device-Sizes/US14729-Scenario14.1-large-wide-lib-no-banlb2.html
online/website/ft-mobile/trunk/src/gwt/ft-ad-enablement/war/h5ads-tests/US14729-HTML5-Ad-Lib-Four-Device-Sizes/US14729-Scenario06-small-lib-page-counters-increment.html
online/website/ft-mobile/trunk/src/gwt/ft-ad-enablement/war/h5ads-tests/US14729-HTML5-Ad-Lib-Four-Device-Sizes/US14729-Scenario15.1-large-wide-lib-one-mpu.html
online/website/ft-mobile/trunk/src/gwt/ft-ad-enablement/war/h5ads-tests/US14729-HTML5-Ad-Lib-Four-Device-Sizes/US14729-Scenario15-large-lib-one-mpu.html
online/website/ft-mobile/trunk/src/gwt/ft-ad-enablement/war/h5ads-tests/US14729-HTML5-Ad-Lib-Four-Device-Sizes/US14729-Scenario11-medium-lib-page-counters-increment.html
online/website/ft-mobile/trunk/src/gwt/ft-ad-enablement/war/h5ads-tests/html5-ads-remote-debug.html
online/website/ft-mobile/trunk/src/gwt/ft-ad-enablement/war/h5ads-tests/test.html
online/website/ft-mobile/trunk/src/gwt/ft-ad-enablement/war/h5ads-tests/html5-ads-integration-ghostwriter-test.html
online/website/ft-mobile/trunk/src/gwt/ft-ad-enablement/war/h5ads-tests/test-data/dfp-image-ad.html
online/website/ft-mobile/trunk/src/gwt/ft-ad-enablement/war/h5ads-tests/test-data/non-json-dfp-system-gif.html
online/website/ft-mobile/trunk/src/gwt/ft-ad-enablement/war/h5ads-tests/test-data/non-json-ad.html
online/website/ft-mobile/trunk/src/gwt/ft-ad-enablement/war/h5ads-tests/test-data/system-gif-ad.html
online/website/ft-mobile/trunk/src/gwt/ft-ad-enablement/war/h5ads-tests/0-test-bdd-multiple.html
online/website/ft-mobile/trunk/src/gwt/ft-ad-enablement/war/h5ads-tests/html5-ads-integration-celtra-ghostwriter-test.html
online/website/ft-mobile/trunk/src/gwt/ft-ad-enablement/war/h5ads-tests/html5-ads-integration-tests.html
online/website/ft-mobile/trunk/src/gwt/ft-ad-enablement/war/h5ads-tests/html5-ads-integration-ghostwriter-test-fail.html
online/website/ft-mobile/trunk/src/gwt/ft-ad-enablement/war/h5ads-tests/html5-ads-integration-google-rich-test.html
online/website/ft-mobile/trunk/src/gwt/ft-ad-enablement/war/h5ads-tests/0-test-bdd.html
